// Jest Snapshot v1, https://goo.gl/fbAQLP

exports[`Footer useContainer hook matches snapshot 1`] = `
Object {
  "handleDeactivateClick": [Function],
}
`;
