// Jest Snapshot v1, https://goo.gl/fbAQLP

exports[`InviteFriendsLayout component matches snapshot 1`] = `
<div
  className="main-layout"
>
  <Header
    isGuest={false}
    isSignIn={false}
    isSignUp={false}
    isWithFilter={false}
  />
  <div
    className="main-layout__content"
  >
    Foo
  </div>
</div>
`;
