// Jest Snapshot v1, https://goo.gl/fbAQLP

exports[`InputField useContainer hook matches snapshot 1`] = `
Object {
  "field": Object {},
  "meta": Object {},
  "onKeyDown": [Function],
}
`;
