// Jest Snapshot v1, https://goo.gl/fbAQLP

exports[`DeactivatedByAdminModal useContainer hook matches snapshot 1`] = `
Object {
  "onConfirmHandler": [Function],
}
`;
