// Jest Snapshot v1, https://goo.gl/fbAQLP

exports[`Bookings component matches snapshot 1`] = `
<Memo(FormattedMessage)
  id="shared.bookings"
/>
`;
