// Jest Snapshot v1, https://goo.gl/fbAQLP

exports[`userSignUp matches snapshot 1`] = `
Object {
  "cancelType": undefined,
  "debounce": 0,
  "latest": true,
  "name": undefined,
  "process": [Function],
  "processOptions": Object {
    "dispatchMultiple": true,
  },
  "throttle": 0,
  "transform": undefined,
  "type": "session/USER_SIGN_UP",
  "validate": undefined,
  "warnTimeout": 60000,
}
`;
