// Jest Snapshot v1, https://goo.gl/fbAQLP

exports[`PropertyType component matches snapshot 1`] = `
<AddNewListingLayout
  formik={
    Object {
      "dirty": true,
      "handleSubmit": [MockFunction],
      "isValid": true,
      "resetForm": [MockFunction],
      "setFieldTouched": [MockFunction],
      "setFieldValue": [MockFunction],
      "setValues": [MockFunction],
      "validateForm": [MockFunction],
      "values": Object {},
    }
  }
  isDirty={false}
  isLoading={false}
  onNext={[MockFunction]}
  showSkeleton={false}
  stepStatus="initial"
  title={
    Object {
      "id": "shared.propertyType",
    }
  }
>
  <ListingPropertyType
    formik={
      Object {
        "dirty": true,
        "handleSubmit": [MockFunction],
        "isValid": true,
        "resetForm": [MockFunction],
        "setFieldTouched": [MockFunction],
        "setFieldValue": [MockFunction],
        "setValues": [MockFunction],
        "validateForm": [MockFunction],
        "values": Object {},
      }
    }
    propertyTypesOptions={
      Array [
        Object {
          "description": "description repudiandae",
          "label": "repudiandae",
          "value": "51e35121-c27e-46fc-9feb-b51dab2490ee",
        },
        Object {
          "description": "description molestias",
          "label": "molestias",
          "value": "995c5714-185d-4085-8512-690903334f6e",
        },
      ]
    }
    tooltip="tooltip"
  />
</AddNewListingLayout>
`;
