// Jest Snapshot v1, https://goo.gl/fbAQLP

exports[`DeactivatedByUserModal useContainer hook matches snapshot 1`] = `
Object {
  "isLoading": false,
  "onCancelHandler": [Function],
  "onConfirmHandler": [Function],
}
`;
